interactions:
- request:
    body: '{"location": "eastus2"}'
    headers:
      Accept:
      - application/json
      Accept-Encoding:
      - gzip, deflate
      Connection:
      - keep-alive
      Content-Length:
      - '23'
      Content-Type:
      - application/json
      User-Agent:
      - azsdk-python-mgmt-netapp/2.0.0 Python/3.8.7 (macOS-11.2.3-x86_64-i386-64bit)
    method: PUT
    uri: https://management.azure.com/subscriptions/00000000-0000-0000-0000-000000000000/resourceGroups/sdk-net-test-qa7/providers/Microsoft.NetApp/netAppAccounts/sdk-py-tests-acc-10?api-version=2020-12-01
  response:
    body:
      string: '{"id":"/subscriptions/00000000-0000-0000-0000-000000000000/resourceGroups/sdk-net-test-qa7/providers/Microsoft.NetApp/netAppAccounts/sdk-py-tests-acc-10","name":"sdk-py-tests-acc-10","type":"Microsoft.NetApp/netAppAccounts","etag":"W/\"datetime''2021-03-30T10%3A03%3A53.5079143Z''\"","location":"eastus2","properties":{"provisioningState":"Creating"}}'
    headers:
      access-control-expose-headers:
      - Request-Context
      azure-asyncoperation:
      - https://management.azure.com/subscriptions/00000000-0000-0000-0000-000000000000/providers/Microsoft.NetApp/locations/eastus2/operationResults/244889d4-0099-4460-bf68-2918ccd599b0?api-version=2020-12-01
      cache-control:
      - no-cache
      content-length:
      - '349'
      content-type:
      - application/json; charset=utf-8
      date:
      - Tue, 30 Mar 2021 10:03:53 GMT
      etag:
      - W/"datetime'2021-03-30T10%3A03%3A53.5079143Z'"
      expires:
      - '-1'
      pragma:
      - no-cache
      request-context:
      - appId=cid-v1:2c4cb680-0a1f-424d-bb8d-8e650ba68d53
      server:
      - Microsoft-IIS/10.0
      strict-transport-security:
      - max-age=31536000; includeSubDomains
      x-content-type-options:
      - nosniff
      x-ms-ratelimit-remaining-subscription-writes:
      - '1198'
      x-powered-by:
      - ASP.NET
    status:
      code: 201
      message: Created
- request:
    body: null
    headers:
      Accept:
      - '*/*'
      Accept-Encoding:
      - gzip, deflate
      Connection:
      - keep-alive
      User-Agent:
      - azsdk-python-mgmt-netapp/2.0.0 Python/3.8.7 (macOS-11.2.3-x86_64-i386-64bit)
    method: GET
    uri: https://management.azure.com/subscriptions/00000000-0000-0000-0000-000000000000/providers/Microsoft.NetApp/locations/eastus2/operationResults/244889d4-0099-4460-bf68-2918ccd599b0?api-version=2020-12-01
  response:
    body:
      string: '{"id":"/subscriptions/00000000-0000-0000-0000-000000000000/providers/Microsoft.NetApp/locations/eastus2/operationResults/244889d4-0099-4460-bf68-2918ccd599b0","name":"244889d4-0099-4460-bf68-2918ccd599b0","status":"Succeeded","startTime":"2021-03-30T10:03:53.4435325Z","endTime":"2021-03-30T10:03:53.5818753Z","percentComplete":100.0,"properties":{"resourceName":"/subscriptions/00000000-0000-0000-0000-000000000000/resourceGroups/sdk-net-test-qa7/providers/Microsoft.NetApp/netAppAccounts/sdk-py-tests-acc-10"}}'
    headers:
      access-control-expose-headers:
      - Request-Context
      cache-control:
      - no-cache
      content-length:
      - '512'
      content-type:
      - application/json; charset=utf-8
      date:
      - Tue, 30 Mar 2021 10:04:23 GMT
      expires:
      - '-1'
      pragma:
      - no-cache
      request-context:
      - appId=cid-v1:2c4cb680-0a1f-424d-bb8d-8e650ba68d53
      server:
      - Microsoft-IIS/10.0
      strict-transport-security:
      - max-age=31536000; includeSubDomains
      transfer-encoding:
      - chunked
      vary:
      - Accept-Encoding
      x-content-type-options:
      - nosniff
      x-powered-by:
      - ASP.NET
    status:
      code: 200
      message: OK
- request:
    body: null
    headers:
      Accept:
      - '*/*'
      Accept-Encoding:
      - gzip, deflate
      Connection:
      - keep-alive
      User-Agent:
      - azsdk-python-mgmt-netapp/2.0.0 Python/3.8.7 (macOS-11.2.3-x86_64-i386-64bit)
    method: GET
    uri: https://management.azure.com/subscriptions/00000000-0000-0000-0000-000000000000/resourceGroups/sdk-net-test-qa7/providers/Microsoft.NetApp/netAppAccounts/sdk-py-tests-acc-10?api-version=2020-12-01
  response:
    body:
      string: '{"id":"/subscriptions/00000000-0000-0000-0000-000000000000/resourceGroups/sdk-net-test-qa7/providers/Microsoft.NetApp/netAppAccounts/sdk-py-tests-acc-10","name":"sdk-py-tests-acc-10","type":"Microsoft.NetApp/netAppAccounts","etag":"W/\"datetime''2021-03-30T10%3A03%3A53.5719745Z''\"","location":"eastus2","properties":{"provisioningState":"Succeeded","encryption":{"keySource":"Microsoft.NetApp"}}}'
    headers:
      access-control-expose-headers:
      - Request-Context
      cache-control:
      - no-cache
      content-length:
      - '396'
      content-type:
      - application/json; charset=utf-8
      date:
      - Tue, 30 Mar 2021 10:04:24 GMT
      etag:
      - W/"datetime'2021-03-30T10%3A03%3A53.5719745Z'"
      expires:
      - '-1'
      pragma:
      - no-cache
      request-context:
      - appId=cid-v1:2c4cb680-0a1f-424d-bb8d-8e650ba68d53
      server:
      - Microsoft-IIS/10.0
      strict-transport-security:
      - max-age=31536000; includeSubDomains
      transfer-encoding:
      - chunked
      vary:
      - Accept-Encoding
      x-content-type-options:
      - nosniff
      x-powered-by:
      - ASP.NET
    status:
      code: 200
      message: OK
- request:
    body: '{"location": "eastus2", "properties": {"size": 4398046511104, "serviceLevel":
      "Premium"}}'
    headers:
      Accept:
      - application/json
      Accept-Encoding:
      - gzip, deflate
      Connection:
      - keep-alive
      Content-Length:
      - '89'
      Content-Type:
      - application/json
      User-Agent:
      - azsdk-python-mgmt-netapp/2.0.0 Python/3.8.7 (macOS-11.2.3-x86_64-i386-64bit)
    method: PUT
    uri: https://management.azure.com/subscriptions/00000000-0000-0000-0000-000000000000/resourceGroups/sdk-net-test-qa7/providers/Microsoft.NetApp/netAppAccounts/sdk-py-tests-acc-10/capacityPools/sdk-py-tests-pool-1?api-version=2020-12-01
  response:
    body:
      string: '{"id":"/subscriptions/00000000-0000-0000-0000-000000000000/resourceGroups/sdk-net-test-qa7/providers/Microsoft.NetApp/netAppAccounts/sdk-py-tests-acc-10/capacityPools/sdk-py-tests-pool-1","name":"sdk-py-tests-acc-10/sdk-py-tests-pool-1","type":"Microsoft.NetApp/netAppAccounts/capacityPools","etag":"W/\"datetime''2021-03-30T10%3A04%3A26.1448303Z''\"","location":"eastus2","properties":{"serviceLevel":"Premium","size":4398046511104,"totalThroughputMibps":0.0,"utilizedThroughputMibps":0.0,"provisioningState":"Creating"}}'
    headers:
      access-control-expose-headers:
      - Request-Context
      azure-asyncoperation:
      - https://management.azure.com/subscriptions/00000000-0000-0000-0000-000000000000/providers/Microsoft.NetApp/locations/eastus2/operationResults/fabf5dae-3211-4abb-b15c-33ed59d7c8e6?api-version=2020-12-01
      cache-control:
      - no-cache
      content-length:
      - '520'
      content-type:
      - application/json; charset=utf-8
      date:
      - Tue, 30 Mar 2021 10:04:26 GMT
      etag:
      - W/"datetime'2021-03-30T10%3A04%3A26.1448303Z'"
      expires:
      - '-1'
      pragma:
      - no-cache
      request-context:
      - appId=cid-v1:2c4cb680-0a1f-424d-bb8d-8e650ba68d53
      server:
      - Microsoft-IIS/10.0
      strict-transport-security:
      - max-age=31536000; includeSubDomains
      x-content-type-options:
      - nosniff
      x-ms-ratelimit-remaining-subscription-writes:
      - '1197'
      x-powered-by:
      - ASP.NET
    status:
      code: 201
      message: Created
- request:
    body: null
    headers:
      Accept:
      - '*/*'
      Accept-Encoding:
      - gzip, deflate
      Connection:
      - keep-alive
      User-Agent:
      - azsdk-python-mgmt-netapp/2.0.0 Python/3.8.7 (macOS-11.2.3-x86_64-i386-64bit)
    method: GET
    uri: https://management.azure.com/subscriptions/00000000-0000-0000-0000-000000000000/providers/Microsoft.NetApp/locations/eastus2/operationResults/fabf5dae-3211-4abb-b15c-33ed59d7c8e6?api-version=2020-12-01
  response:
    body:
      string: '{"id":"/subscriptions/00000000-0000-0000-0000-000000000000/providers/Microsoft.NetApp/locations/eastus2/operationResults/fabf5dae-3211-4abb-b15c-33ed59d7c8e6","name":"fabf5dae-3211-4abb-b15c-33ed59d7c8e6","status":"Succeeded","startTime":"2021-03-30T10:04:26.0682666Z","endTime":"2021-03-30T10:04:26.2802047Z","percentComplete":100.0,"properties":{"resourceName":"/subscriptions/00000000-0000-0000-0000-000000000000/resourceGroups/sdk-net-test-qa7/providers/Microsoft.NetApp/netAppAccounts/sdk-py-tests-acc-10/capacityPools/sdk-py-tests-pool-1"}}'
    headers:
      access-control-expose-headers:
      - Request-Context
      cache-control:
      - no-cache
      content-length:
      - '546'
      content-type:
      - application/json; charset=utf-8
      date:
      - Tue, 30 Mar 2021 10:04:56 GMT
      expires:
      - '-1'
      pragma:
      - no-cache
      request-context:
      - appId=cid-v1:2c4cb680-0a1f-424d-bb8d-8e650ba68d53
      server:
      - Microsoft-IIS/10.0
      strict-transport-security:
      - max-age=31536000; includeSubDomains
      transfer-encoding:
      - chunked
      vary:
      - Accept-Encoding
      x-content-type-options:
      - nosniff
      x-powered-by:
      - ASP.NET
    status:
      code: 200
      message: OK
- request:
    body: null
    headers:
      Accept:
      - '*/*'
      Accept-Encoding:
      - gzip, deflate
      Connection:
      - keep-alive
      User-Agent:
      - azsdk-python-mgmt-netapp/2.0.0 Python/3.8.7 (macOS-11.2.3-x86_64-i386-64bit)
    method: GET
    uri: https://management.azure.com/subscriptions/00000000-0000-0000-0000-000000000000/resourceGroups/sdk-net-test-qa7/providers/Microsoft.NetApp/netAppAccounts/sdk-py-tests-acc-10/capacityPools/sdk-py-tests-pool-1?api-version=2020-12-01
  response:
    body:
      string: '{"id":"/subscriptions/00000000-0000-0000-0000-000000000000/resourceGroups/sdk-net-test-qa7/providers/Microsoft.NetApp/netAppAccounts/sdk-py-tests-acc-10/capacityPools/sdk-py-tests-pool-1","name":"sdk-py-tests-acc-10/sdk-py-tests-pool-1","type":"Microsoft.NetApp/netAppAccounts/capacityPools","etag":"W/\"datetime''2021-03-30T10%3A04%3A26.2689473Z''\"","location":"eastus2","properties":{"poolId":"6730d844-6060-5206-cc67-a7030534f38f","serviceLevel":"Premium","size":4398046511104,"qosType":"Auto","totalThroughputMibps":262.144,"utilizedThroughputMibps":0.0,"encryptionType":"Single","provisioningState":"Succeeded"}}'
    headers:
      access-control-expose-headers:
      - Request-Context
      cache-control:
      - no-cache
      content-length:
      - '616'
      content-type:
      - application/json; charset=utf-8
      date:
      - Tue, 30 Mar 2021 10:04:56 GMT
      etag:
      - W/"datetime'2021-03-30T10%3A04%3A26.2689473Z'"
      expires:
      - '-1'
      pragma:
      - no-cache
      request-context:
      - appId=cid-v1:2c4cb680-0a1f-424d-bb8d-8e650ba68d53
      server:
      - Microsoft-IIS/10.0
      strict-transport-security:
      - max-age=31536000; includeSubDomains
      transfer-encoding:
      - chunked
      vary:
      - Accept-Encoding
      x-content-type-options:
      - nosniff
      x-powered-by:
      - ASP.NET
    status:
      code: 200
      message: OK
- request:
    body: '{"location": "eastus2", "properties": {"creationToken": "sdk-py-tests-vol-1",
      "serviceLevel": "Premium", "usageThreshold": 107374182400, "protocolTypes":
      ["NFSv3"], "subnetId": "/subscriptions/00000000-0000-0000-0000-000000000000/resourceGroups/sdk-net-test-qa7/providers/Microsoft.Network/virtualNetworks/sdknettestqa7vnet464/subnets/default",
      "snapshotDirectoryVisible": true, "kerberosEnabled": false, "securityStyle":
      "unix", "smbEncryption": false, "smbContinuouslyAvailable": false, "throughputMibps":
      0.0, "ldapEnabled": false}}'
    headers:
      Accept:
      - application/json
      Accept-Encoding:
      - gzip, deflate
      Connection:
      - keep-alive
      Content-Length:
      - '535'
      Content-Type:
      - application/json
      User-Agent:
      - azsdk-python-mgmt-netapp/2.0.0 Python/3.8.7 (macOS-11.2.3-x86_64-i386-64bit)
    method: PUT
    uri: https://management.azure.com/subscriptions/00000000-0000-0000-0000-000000000000/resourceGroups/sdk-net-test-qa7/providers/Microsoft.NetApp/netAppAccounts/sdk-py-tests-acc-10/capacityPools/sdk-py-tests-pool-1/volumes/sdk-py-tests-vol-1?api-version=2020-12-01
  response:
    body:
      string: '{"id":"/subscriptions/00000000-0000-0000-0000-000000000000/resourceGroups/sdk-net-test-qa7/providers/Microsoft.NetApp/netAppAccounts/sdk-py-tests-acc-10/capacityPools/sdk-py-tests-pool-1/volumes/sdk-py-tests-vol-1","name":"sdk-py-tests-acc-10/sdk-py-tests-pool-1/sdk-py-tests-vol-1","type":"Microsoft.NetApp/netAppAccounts/capacityPools/volumes","etag":"W/\"datetime''2021-03-30T10%3A05%3A09.2356452Z''\"","location":"eastus2","properties":{"throughputMibps":0.0,"serviceLevel":"Premium","creationToken":"sdk-py-tests-vol-1","usageThreshold":107374182400,"protocolTypes":["NFSv3"],"subnetId":"/subscriptions/00000000-0000-0000-0000-000000000000/resourceGroups/sdk-net-test-qa7/providers/Microsoft.Network/virtualNetworks/sdknettestqa7vnet464/subnets/default","snapshotDirectoryVisible":true,"kerberosEnabled":false,"securityStyle":"unix","smbEncryption":false,"smbContinuouslyAvailable":false,"ldapEnabled":false,"provisioningState":"Creating"}}'
    headers:
      access-control-expose-headers:
      - Request-Context
      azure-asyncoperation:
      - https://management.azure.com/subscriptions/00000000-0000-0000-0000-000000000000/providers/Microsoft.NetApp/locations/eastus2/operationResults/3159eefd-5db9-43bf-8e97-5853551771da?api-version=2020-12-01
      cache-control:
      - no-cache
      content-length:
      - '943'
      content-type:
      - application/json; charset=utf-8
      date:
      - Tue, 30 Mar 2021 10:05:08 GMT
      etag:
      - W/"datetime'2021-03-30T10%3A05%3A09.2356452Z'"
      expires:
      - '-1'
      pragma:
      - no-cache
      request-context:
      - appId=cid-v1:2c4cb680-0a1f-424d-bb8d-8e650ba68d53
      server:
      - Microsoft-IIS/10.0
      strict-transport-security:
      - max-age=31536000; includeSubDomains
      x-content-type-options:
      - nosniff
      x-ms-ratelimit-remaining-subscription-writes:
      - '1196'
      x-powered-by:
      - ASP.NET
    status:
      code: 201
      message: Created
- request:
    body: null
    headers:
      Accept:
      - '*/*'
      Accept-Encoding:
      - gzip, deflate
      Connection:
      - keep-alive
      User-Agent:
      - azsdk-python-mgmt-netapp/2.0.0 Python/3.8.7 (macOS-11.2.3-x86_64-i386-64bit)
    method: GET
    uri: https://management.azure.com/subscriptions/00000000-0000-0000-0000-000000000000/providers/Microsoft.NetApp/locations/eastus2/operationResults/3159eefd-5db9-43bf-8e97-5853551771da?api-version=2020-12-01
  response:
    body:
      string: '{"id":"/subscriptions/00000000-0000-0000-0000-000000000000/providers/Microsoft.NetApp/locations/eastus2/operationResults/3159eefd-5db9-43bf-8e97-5853551771da","name":"3159eefd-5db9-43bf-8e97-5853551771da","status":"Creating","startTime":"2021-03-30T10:05:08.9667919Z","endTime":"0001-01-01T00:00:00Z","percentComplete":0.0,"properties":{"resourceName":"/subscriptions/00000000-0000-0000-0000-000000000000/resourceGroups/sdk-net-test-qa7/providers/Microsoft.NetApp/netAppAccounts/sdk-py-tests-acc-10/capacityPools/sdk-py-tests-pool-1/volumes/sdk-py-tests-vol-1"}}'
    headers:
      access-control-expose-headers:
      - Request-Context
      cache-control:
      - no-cache
      content-length:
      - '562'
      content-type:
      - application/json; charset=utf-8
      date:
      - Tue, 30 Mar 2021 10:05:40 GMT
      expires:
      - '-1'
      pragma:
      - no-cache
      request-context:
      - appId=cid-v1:2c4cb680-0a1f-424d-bb8d-8e650ba68d53
      server:
      - Microsoft-IIS/10.0
      strict-transport-security:
      - max-age=31536000; includeSubDomains
      transfer-encoding:
      - chunked
      vary:
      - Accept-Encoding
      x-content-type-options:
      - nosniff
      x-powered-by:
      - ASP.NET
    status:
      code: 200
      message: OK
- request:
    body: null
    headers:
      Accept:
      - '*/*'
      Accept-Encoding:
      - gzip, deflate
      Connection:
      - keep-alive
      User-Agent:
      - azsdk-python-mgmt-netapp/2.0.0 Python/3.8.7 (macOS-11.2.3-x86_64-i386-64bit)
    method: GET
    uri: https://management.azure.com/subscriptions/00000000-0000-0000-0000-000000000000/providers/Microsoft.NetApp/locations/eastus2/operationResults/3159eefd-5db9-43bf-8e97-5853551771da?api-version=2020-12-01
  response:
    body:
      string: '{"id":"/subscriptions/00000000-0000-0000-0000-000000000000/providers/Microsoft.NetApp/locations/eastus2/operationResults/3159eefd-5db9-43bf-8e97-5853551771da","name":"3159eefd-5db9-43bf-8e97-5853551771da","status":"Creating","startTime":"2021-03-30T10:05:08.9667919Z","endTime":"0001-01-01T00:00:00Z","percentComplete":0.0,"properties":{"resourceName":"/subscriptions/00000000-0000-0000-0000-000000000000/resourceGroups/sdk-net-test-qa7/providers/Microsoft.NetApp/netAppAccounts/sdk-py-tests-acc-10/capacityPools/sdk-py-tests-pool-1/volumes/sdk-py-tests-vol-1"}}'
    headers:
      access-control-expose-headers:
      - Request-Context
      cache-control:
      - no-cache
      content-length:
      - '562'
      content-type:
      - application/json; charset=utf-8
      date:
      - Tue, 30 Mar 2021 10:06:10 GMT
      expires:
      - '-1'
      pragma:
      - no-cache
      request-context:
      - appId=cid-v1:2c4cb680-0a1f-424d-bb8d-8e650ba68d53
      server:
      - Microsoft-IIS/10.0
      strict-transport-security:
      - max-age=31536000; includeSubDomains
      transfer-encoding:
      - chunked
      vary:
      - Accept-Encoding
      x-content-type-options:
      - nosniff
      x-powered-by:
      - ASP.NET
    status:
      code: 200
      message: OK
- request:
    body: null
    headers:
      Accept:
      - '*/*'
      Accept-Encoding:
      - gzip, deflate
      Connection:
      - keep-alive
      User-Agent:
      - azsdk-python-mgmt-netapp/2.0.0 Python/3.8.7 (macOS-11.2.3-x86_64-i386-64bit)
    method: GET
    uri: https://management.azure.com/subscriptions/00000000-0000-0000-0000-000000000000/providers/Microsoft.NetApp/locations/eastus2/operationResults/3159eefd-5db9-43bf-8e97-5853551771da?api-version=2020-12-01
  response:
    body:
      string: '{"id":"/subscriptions/00000000-0000-0000-0000-000000000000/providers/Microsoft.NetApp/locations/eastus2/operationResults/3159eefd-5db9-43bf-8e97-5853551771da","name":"3159eefd-5db9-43bf-8e97-5853551771da","status":"Creating","startTime":"2021-03-30T10:05:08.9667919Z","endTime":"0001-01-01T00:00:00Z","percentComplete":0.0,"properties":{"resourceName":"/subscriptions/00000000-0000-0000-0000-000000000000/resourceGroups/sdk-net-test-qa7/providers/Microsoft.NetApp/netAppAccounts/sdk-py-tests-acc-10/capacityPools/sdk-py-tests-pool-1/volumes/sdk-py-tests-vol-1"}}'
    headers:
      access-control-expose-headers:
      - Request-Context
      cache-control:
      - no-cache
      content-length:
      - '562'
      content-type:
      - application/json; charset=utf-8
      date:
      - Tue, 30 Mar 2021 10:06:40 GMT
      expires:
      - '-1'
      pragma:
      - no-cache
      request-context:
      - appId=cid-v1:2c4cb680-0a1f-424d-bb8d-8e650ba68d53
      server:
      - Microsoft-IIS/10.0
      strict-transport-security:
      - max-age=31536000; includeSubDomains
      transfer-encoding:
      - chunked
      vary:
      - Accept-Encoding
      x-content-type-options:
      - nosniff
      x-powered-by:
      - ASP.NET
    status:
      code: 200
      message: OK
- request:
    body: null
    headers:
      Accept:
      - '*/*'
      Accept-Encoding:
      - gzip, deflate
      Connection:
      - keep-alive
      User-Agent:
      - azsdk-python-mgmt-netapp/2.0.0 Python/3.8.7 (macOS-11.2.3-x86_64-i386-64bit)
    method: GET
    uri: https://management.azure.com/subscriptions/00000000-0000-0000-0000-000000000000/providers/Microsoft.NetApp/locations/eastus2/operationResults/3159eefd-5db9-43bf-8e97-5853551771da?api-version=2020-12-01
  response:
    body:
      string: '{"id":"/subscriptions/00000000-0000-0000-0000-000000000000/providers/Microsoft.NetApp/locations/eastus2/operationResults/3159eefd-5db9-43bf-8e97-5853551771da","name":"3159eefd-5db9-43bf-8e97-5853551771da","status":"Creating","startTime":"2021-03-30T10:05:08.9667919Z","endTime":"0001-01-01T00:00:00Z","percentComplete":0.0,"properties":{"resourceName":"/subscriptions/00000000-0000-0000-0000-000000000000/resourceGroups/sdk-net-test-qa7/providers/Microsoft.NetApp/netAppAccounts/sdk-py-tests-acc-10/capacityPools/sdk-py-tests-pool-1/volumes/sdk-py-tests-vol-1"}}'
    headers:
      access-control-expose-headers:
      - Request-Context
      cache-control:
      - no-cache
      content-length:
      - '562'
      content-type:
      - application/json; charset=utf-8
      date:
      - Tue, 30 Mar 2021 10:07:10 GMT
      expires:
      - '-1'
      pragma:
      - no-cache
      request-context:
      - appId=cid-v1:2c4cb680-0a1f-424d-bb8d-8e650ba68d53
      server:
      - Microsoft-IIS/10.0
      strict-transport-security:
      - max-age=31536000; includeSubDomains
      transfer-encoding:
      - chunked
      vary:
      - Accept-Encoding
      x-content-type-options:
      - nosniff
      x-powered-by:
      - ASP.NET
    status:
      code: 200
      message: OK
- request:
    body: null
    headers:
      Accept:
      - '*/*'
      Accept-Encoding:
      - gzip, deflate
      Connection:
      - keep-alive
      User-Agent:
      - azsdk-python-mgmt-netapp/2.0.0 Python/3.8.7 (macOS-11.2.3-x86_64-i386-64bit)
    method: GET
    uri: https://management.azure.com/subscriptions/00000000-0000-0000-0000-000000000000/providers/Microsoft.NetApp/locations/eastus2/operationResults/3159eefd-5db9-43bf-8e97-5853551771da?api-version=2020-12-01
  response:
    body:
      string: '{"id":"/subscriptions/00000000-0000-0000-0000-000000000000/providers/Microsoft.NetApp/locations/eastus2/operationResults/3159eefd-5db9-43bf-8e97-5853551771da","name":"3159eefd-5db9-43bf-8e97-5853551771da","status":"Creating","startTime":"2021-03-30T10:05:08.9667919Z","endTime":"0001-01-01T00:00:00Z","percentComplete":0.0,"properties":{"resourceName":"/subscriptions/00000000-0000-0000-0000-000000000000/resourceGroups/sdk-net-test-qa7/providers/Microsoft.NetApp/netAppAccounts/sdk-py-tests-acc-10/capacityPools/sdk-py-tests-pool-1/volumes/sdk-py-tests-vol-1"}}'
    headers:
      access-control-expose-headers:
      - Request-Context
      cache-control:
      - no-cache
      content-length:
      - '562'
      content-type:
      - application/json; charset=utf-8
      date:
      - Tue, 30 Mar 2021 10:07:40 GMT
      expires:
      - '-1'
      pragma:
      - no-cache
      request-context:
      - appId=cid-v1:2c4cb680-0a1f-424d-bb8d-8e650ba68d53
      server:
      - Microsoft-IIS/10.0
      strict-transport-security:
      - max-age=31536000; includeSubDomains
      transfer-encoding:
      - chunked
      vary:
      - Accept-Encoding
      x-content-type-options:
      - nosniff
      x-powered-by:
      - ASP.NET
    status:
      code: 200
      message: OK
- request:
    body: null
    headers:
      Accept:
      - '*/*'
      Accept-Encoding:
      - gzip, deflate
      Connection:
      - keep-alive
      User-Agent:
      - azsdk-python-mgmt-netapp/2.0.0 Python/3.8.7 (macOS-11.2.3-x86_64-i386-64bit)
    method: GET
    uri: https://management.azure.com/subscriptions/00000000-0000-0000-0000-000000000000/providers/Microsoft.NetApp/locations/eastus2/operationResults/3159eefd-5db9-43bf-8e97-5853551771da?api-version=2020-12-01
  response:
    body:
      string: '{"id":"/subscriptions/00000000-0000-0000-0000-000000000000/providers/Microsoft.NetApp/locations/eastus2/operationResults/3159eefd-5db9-43bf-8e97-5853551771da","name":"3159eefd-5db9-43bf-8e97-5853551771da","status":"Succeeded","startTime":"2021-03-30T10:05:08.9667919Z","endTime":"2021-03-30T10:07:59.8711222Z","percentComplete":100.0,"properties":{"resourceName":"/subscriptions/00000000-0000-0000-0000-000000000000/resourceGroups/sdk-net-test-qa7/providers/Microsoft.NetApp/netAppAccounts/sdk-py-tests-acc-10/capacityPools/sdk-py-tests-pool-1/volumes/sdk-py-tests-vol-1"}}'
    headers:
      access-control-expose-headers:
      - Request-Context
      cache-control:
      - no-cache
      content-length:
      - '573'
      content-type:
      - application/json; charset=utf-8
      date:
      - Tue, 30 Mar 2021 10:08:10 GMT
      expires:
      - '-1'
      pragma:
      - no-cache
      request-context:
      - appId=cid-v1:2c4cb680-0a1f-424d-bb8d-8e650ba68d53
      server:
      - Microsoft-IIS/10.0
      strict-transport-security:
      - max-age=31536000; includeSubDomains
      transfer-encoding:
      - chunked
      vary:
      - Accept-Encoding
      x-content-type-options:
      - nosniff
      x-powered-by:
      - ASP.NET
    status:
      code: 200
      message: OK
- request:
    body: null
    headers:
      Accept:
      - '*/*'
      Accept-Encoding:
      - gzip, deflate
      Connection:
      - keep-alive
      User-Agent:
      - azsdk-python-mgmt-netapp/2.0.0 Python/3.8.7 (macOS-11.2.3-x86_64-i386-64bit)
    method: GET
    uri: https://management.azure.com/subscriptions/00000000-0000-0000-0000-000000000000/resourceGroups/sdk-net-test-qa7/providers/Microsoft.NetApp/netAppAccounts/sdk-py-tests-acc-10/capacityPools/sdk-py-tests-pool-1/volumes/sdk-py-tests-vol-1?api-version=2020-12-01
  response:
    body:
      string: '{"id":"/subscriptions/00000000-0000-0000-0000-000000000000/resourceGroups/sdk-net-test-qa7/providers/Microsoft.NetApp/netAppAccounts/sdk-py-tests-acc-10/capacityPools/sdk-py-tests-pool-1/volumes/sdk-py-tests-vol-1","name":"sdk-py-tests-acc-10/sdk-py-tests-pool-1/sdk-py-tests-vol-1","type":"Microsoft.NetApp/netAppAccounts/capacityPools/volumes","etag":"W/\"datetime''2021-03-30T10%3A07%3A59.8632647Z''\"","location":"eastus2","properties":{"mountTargets":[{"mountTargetId":"838f2e79-705f-c09f-b8f0-25b36cbce2f8","fileSystemId":"838f2e79-705f-c09f-b8f0-25b36cbce2f8","ipAddress":"10.7.0.4","smbServerFQDN":""}],"throughputMibps":6.4,"provisioningState":"Succeeded","fileSystemId":"838f2e79-705f-c09f-b8f0-25b36cbce2f8","name":"sdk-py-tests-vol-1","serviceLevel":"Premium","creationToken":"sdk-py-tests-vol-1","usageThreshold":107374182400,"exportPolicy":{"rules":[{"ruleIndex":1,"unixReadOnly":false,"unixReadWrite":true,"cifs":false,"nfsv3":true,"nfsv41":false,"allowedClients":"0.0.0.0/0","kerberos5ReadOnly":false,"kerberos5ReadWrite":false,"kerberos5iReadOnly":false,"kerberos5iReadWrite":false,"kerberos5pReadOnly":false,"kerberos5pReadWrite":false,"hasRootAccess":true}]},"protocolTypes":["NFSv3"],"baremetalTenantId":"baremetalTenant_svm_1a1854d05b8211e99e4a3a8c013b5748_49caa904","subnetId":"/subscriptions/00000000-0000-0000-0000-000000000000/resourceGroups/sdk-net-test-qa7/providers/Microsoft.Network/virtualNetworks/sdknettestqa7vnet464/subnets/default","snapshotDirectoryVisible":true,"kerberosEnabled":false,"securityStyle":"Unix","smbEncryption":false,"smbContinuouslyAvailable":false,"encryptionKeySource":"Microsoft.NetApp","ldapEnabled":false}}'
    headers:
      access-control-expose-headers:
      - Request-Context
      cache-control:
      - no-cache
      content-length:
      - '1660'
      content-type:
      - application/json; charset=utf-8
      date:
      - Tue, 30 Mar 2021 10:08:10 GMT
      etag:
      - W/"datetime'2021-03-30T10%3A07%3A59.8632647Z'"
      expires:
      - '-1'
      pragma:
      - no-cache
      request-context:
      - appId=cid-v1:2c4cb680-0a1f-424d-bb8d-8e650ba68d53
      server:
      - Microsoft-IIS/10.0
      strict-transport-security:
      - max-age=31536000; includeSubDomains
      transfer-encoding:
      - chunked
      vary:
      - Accept-Encoding
      x-content-type-options:
      - nosniff
      x-powered-by:
      - ASP.NET
    status:
      code: 200
      message: OK
- request:
    body: '{"location": "eastus2", "properties": {"creationToken": "sdk-py-tests-vol-2",
      "serviceLevel": "Premium", "usageThreshold": 107374182400, "protocolTypes":
      ["NFSv3"], "subnetId": "/subscriptions/00000000-0000-0000-0000-000000000000/resourceGroups/sdk-net-test-qa7/providers/Microsoft.Network/virtualNetworks/sdknettestqa7vnet464/subnets/default",
      "snapshotDirectoryVisible": true, "kerberosEnabled": false, "securityStyle":
      "unix", "smbEncryption": false, "smbContinuouslyAvailable": false, "throughputMibps":
      0.0, "ldapEnabled": false}}'
    headers:
      Accept:
      - application/json
      Accept-Encoding:
      - gzip, deflate
      Connection:
      - keep-alive
      Content-Length:
      - '535'
      Content-Type:
      - application/json
      User-Agent:
      - azsdk-python-mgmt-netapp/2.0.0 Python/3.8.7 (macOS-11.2.3-x86_64-i386-64bit)
    method: PUT
    uri: https://management.azure.com/subscriptions/00000000-0000-0000-0000-000000000000/resourceGroups/sdk-net-test-qa7/providers/Microsoft.NetApp/netAppAccounts/sdk-py-tests-acc-10/capacityPools/sdk-py-tests-pool-1/volumes/sdk-py-tests-vol-2?api-version=2020-12-01
  response:
    body:
      string: '{"id":"/subscriptions/00000000-0000-0000-0000-000000000000/resourceGroups/sdk-net-test-qa7/providers/Microsoft.NetApp/netAppAccounts/sdk-py-tests-acc-10/capacityPools/sdk-py-tests-pool-1/volumes/sdk-py-tests-vol-2","name":"sdk-py-tests-acc-10/sdk-py-tests-pool-1/sdk-py-tests-vol-2","type":"Microsoft.NetApp/netAppAccounts/capacityPools/volumes","etag":"W/\"datetime''2021-03-30T10%3A08%3A14.3960326Z''\"","location":"eastus2","properties":{"throughputMibps":0.0,"serviceLevel":"Premium","creationToken":"sdk-py-tests-vol-2","usageThreshold":107374182400,"protocolTypes":["NFSv3"],"subnetId":"/subscriptions/00000000-0000-0000-0000-000000000000/resourceGroups/sdk-net-test-qa7/providers/Microsoft.Network/virtualNetworks/sdknettestqa7vnet464/subnets/default","snapshotDirectoryVisible":true,"kerberosEnabled":false,"securityStyle":"unix","smbEncryption":false,"smbContinuouslyAvailable":false,"ldapEnabled":false,"provisioningState":"Creating"}}'
    headers:
      access-control-expose-headers:
      - Request-Context
      azure-asyncoperation:
      - https://management.azure.com/subscriptions/00000000-0000-0000-0000-000000000000/providers/Microsoft.NetApp/locations/eastus2/operationResults/482116d6-40be-47a6-b501-90672fe2c4e6?api-version=2020-12-01
      cache-control:
      - no-cache
      content-length:
      - '943'
      content-type:
      - application/json; charset=utf-8
      date:
      - Tue, 30 Mar 2021 10:08:14 GMT
      etag:
      - W/"datetime'2021-03-30T10%3A08%3A14.3960326Z'"
      expires:
      - '-1'
      pragma:
      - no-cache
      request-context:
      - appId=cid-v1:2c4cb680-0a1f-424d-bb8d-8e650ba68d53
      server:
      - Microsoft-IIS/10.0
      strict-transport-security:
      - max-age=31536000; includeSubDomains
      x-content-type-options:
      - nosniff
      x-ms-ratelimit-remaining-subscription-writes:
      - '1195'
      x-powered-by:
      - ASP.NET
    status:
      code: 201
      message: Created
- request:
    body: null
    headers:
      Accept:
      - '*/*'
      Accept-Encoding:
      - gzip, deflate
      Connection:
      - keep-alive
      User-Agent:
      - azsdk-python-mgmt-netapp/2.0.0 Python/3.8.7 (macOS-11.2.3-x86_64-i386-64bit)
    method: GET
    uri: https://management.azure.com/subscriptions/00000000-0000-0000-0000-000000000000/providers/Microsoft.NetApp/locations/eastus2/operationResults/482116d6-40be-47a6-b501-90672fe2c4e6?api-version=2020-12-01
  response:
    body:
      string: '{"id":"/subscriptions/00000000-0000-0000-0000-000000000000/providers/Microsoft.NetApp/locations/eastus2/operationResults/482116d6-40be-47a6-b501-90672fe2c4e6","name":"482116d6-40be-47a6-b501-90672fe2c4e6","status":"Succeeded","startTime":"2021-03-30T10:08:14.3406266Z","endTime":"2021-03-30T10:08:37.7404191Z","percentComplete":100.0,"properties":{"resourceName":"/subscriptions/00000000-0000-0000-0000-000000000000/resourceGroups/sdk-net-test-qa7/providers/Microsoft.NetApp/netAppAccounts/sdk-py-tests-acc-10/capacityPools/sdk-py-tests-pool-1/volumes/sdk-py-tests-vol-2"}}'
    headers:
      access-control-expose-headers:
      - Request-Context
      cache-control:
      - no-cache
      content-length:
      - '573'
      content-type:
      - application/json; charset=utf-8
      date:
      - Tue, 30 Mar 2021 10:08:44 GMT
      expires:
      - '-1'
      pragma:
      - no-cache
      request-context:
      - appId=cid-v1:2c4cb680-0a1f-424d-bb8d-8e650ba68d53
      server:
      - Microsoft-IIS/10.0
      strict-transport-security:
      - max-age=31536000; includeSubDomains
      transfer-encoding:
      - chunked
      vary:
      - Accept-Encoding
      x-content-type-options:
      - nosniff
      x-powered-by:
      - ASP.NET
    status:
      code: 200
      message: OK
- request:
    body: null
    headers:
      Accept:
      - '*/*'
      Accept-Encoding:
      - gzip, deflate
      Connection:
      - keep-alive
      User-Agent:
      - azsdk-python-mgmt-netapp/2.0.0 Python/3.8.7 (macOS-11.2.3-x86_64-i386-64bit)
    method: GET
    uri: https://management.azure.com/subscriptions/00000000-0000-0000-0000-000000000000/resourceGroups/sdk-net-test-qa7/providers/Microsoft.NetApp/netAppAccounts/sdk-py-tests-acc-10/capacityPools/sdk-py-tests-pool-1/volumes/sdk-py-tests-vol-2?api-version=2020-12-01
  response:
    body:
      string: '{"id":"/subscriptions/00000000-0000-0000-0000-000000000000/resourceGroups/sdk-net-test-qa7/providers/Microsoft.NetApp/netAppAccounts/sdk-py-tests-acc-10/capacityPools/sdk-py-tests-pool-1/volumes/sdk-py-tests-vol-2","name":"sdk-py-tests-acc-10/sdk-py-tests-pool-1/sdk-py-tests-vol-2","type":"Microsoft.NetApp/netAppAccounts/capacityPools/volumes","etag":"W/\"datetime''2021-03-30T10%3A08%3A37.7301333Z''\"","location":"eastus2","properties":{"mountTargets":[{"mountTargetId":"c363a284-146f-6b20-d780-f476815f0a06","fileSystemId":"c363a284-146f-6b20-d780-f476815f0a06","ipAddress":"10.7.0.4","smbServerFQDN":""}],"throughputMibps":6.4,"provisioningState":"Succeeded","fileSystemId":"c363a284-146f-6b20-d780-f476815f0a06","name":"sdk-py-tests-vol-2","serviceLevel":"Premium","creationToken":"sdk-py-tests-vol-2","usageThreshold":107374182400,"exportPolicy":{"rules":[{"ruleIndex":1,"unixReadOnly":false,"unixReadWrite":true,"cifs":false,"nfsv3":true,"nfsv41":false,"allowedClients":"0.0.0.0/0","kerberos5ReadOnly":false,"kerberos5ReadWrite":false,"kerberos5iReadOnly":false,"kerberos5iReadWrite":false,"kerberos5pReadOnly":false,"kerberos5pReadWrite":false,"hasRootAccess":true}]},"protocolTypes":["NFSv3"],"baremetalTenantId":"baremetalTenant_svm_1a1854d05b8211e99e4a3a8c013b5748_49caa904","subnetId":"/subscriptions/00000000-0000-0000-0000-000000000000/resourceGroups/sdk-net-test-qa7/providers/Microsoft.Network/virtualNetworks/sdknettestqa7vnet464/subnets/default","snapshotDirectoryVisible":true,"kerberosEnabled":false,"securityStyle":"Unix","smbEncryption":false,"smbContinuouslyAvailable":false,"encryptionKeySource":"Microsoft.NetApp","ldapEnabled":false}}'
    headers:
      access-control-expose-headers:
      - Request-Context
      cache-control:
      - no-cache
      content-length:
      - '1660'
      content-type:
      - application/json; charset=utf-8
      date:
      - Tue, 30 Mar 2021 10:08:44 GMT
      etag:
      - W/"datetime'2021-03-30T10%3A08%3A37.7301333Z'"
      expires:
      - '-1'
      pragma:
      - no-cache
      request-context:
      - appId=cid-v1:2c4cb680-0a1f-424d-bb8d-8e650ba68d53
      server:
      - Microsoft-IIS/10.0
      strict-transport-security:
      - max-age=31536000; includeSubDomains
      transfer-encoding:
      - chunked
      vary:
      - Accept-Encoding
      x-content-type-options:
      - nosniff
      x-powered-by:
      - ASP.NET
    status:
      code: 200
      message: OK
- request:
    body: null
    headers:
      Accept:
      - application/json
      Accept-Encoding:
      - gzip, deflate
      Connection:
      - keep-alive
      User-Agent:
      - azsdk-python-mgmt-netapp/2.0.0 Python/3.8.7 (macOS-11.2.3-x86_64-i386-64bit)
    method: GET
    uri: https://management.azure.com/subscriptions/00000000-0000-0000-0000-000000000000/resourceGroups/sdk-net-test-qa7/providers/Microsoft.NetApp/netAppAccounts/sdk-py-tests-acc-10/capacityPools/sdk-py-tests-pool-1/volumes?api-version=2020-12-01
  response:
    body:
      string: '{"value":[{"id":"/subscriptions/00000000-0000-0000-0000-000000000000/resourceGroups/sdk-net-test-qa7/providers/Microsoft.NetApp/netAppAccounts/sdk-py-tests-acc-10/capacityPools/sdk-py-tests-pool-1/volumes/sdk-py-tests-vol-1","name":"sdk-py-tests-acc-10/sdk-py-tests-pool-1/sdk-py-tests-vol-1","type":"Microsoft.NetApp/netAppAccounts/capacityPools/volumes","etag":"W/\"datetime''2021-03-30T10%3A07%3A59.8632647Z''\"","location":"eastus2","properties":{"mountTargets":[{"mountTargetId":"838f2e79-705f-c09f-b8f0-25b36cbce2f8","fileSystemId":"838f2e79-705f-c09f-b8f0-25b36cbce2f8","ipAddress":"10.7.0.4","smbServerFQDN":""}],"throughputMibps":6.4,"provisioningState":"Succeeded","fileSystemId":"838f2e79-705f-c09f-b8f0-25b36cbce2f8","name":"sdk-py-tests-vol-1","serviceLevel":"Premium","creationToken":"sdk-py-tests-vol-1","usageThreshold":107374182400,"exportPolicy":{"rules":[{"ruleIndex":1,"unixReadOnly":false,"unixReadWrite":true,"cifs":false,"nfsv3":true,"nfsv41":false,"allowedClients":"0.0.0.0/0","kerberos5ReadOnly":false,"kerberos5ReadWrite":false,"kerberos5iReadOnly":false,"kerberos5iReadWrite":false,"kerberos5pReadOnly":false,"kerberos5pReadWrite":false,"hasRootAccess":true}]},"protocolTypes":["NFSv3"],"baremetalTenantId":"baremetalTenant_svm_1a1854d05b8211e99e4a3a8c013b5748_49caa904","subnetId":"/subscriptions/00000000-0000-0000-0000-000000000000/resourceGroups/sdk-net-test-qa7/providers/Microsoft.Network/virtualNetworks/sdknettestqa7vnet464/subnets/default","snapshotDirectoryVisible":true,"kerberosEnabled":false,"securityStyle":"Unix","smbEncryption":false,"smbContinuouslyAvailable":false,"encryptionKeySource":"Microsoft.NetApp","ldapEnabled":false}},{"id":"/subscriptions/00000000-0000-0000-0000-000000000000/resourceGroups/sdk-net-test-qa7/providers/Microsoft.NetApp/netAppAccounts/sdk-py-tests-acc-10/capacityPools/sdk-py-tests-pool-1/volumes/sdk-py-tests-vol-2","name":"sdk-py-tests-acc-10/sdk-py-tests-pool-1/sdk-py-tests-vol-2","type":"Microsoft.NetApp/netAppAccounts/capacityPools/volumes","etag":"W/\"datetime''2021-03-30T10%3A08%3A37.7301333Z''\"","location":"eastus2","properties":{"mountTargets":[{"mountTargetId":"c363a284-146f-6b20-d780-f476815f0a06","fileSystemId":"c363a284-146f-6b20-d780-f476815f0a06","ipAddress":"10.7.0.4","smbServerFQDN":""}],"throughputMibps":6.4,"provisioningState":"Succeeded","fileSystemId":"c363a284-146f-6b20-d780-f476815f0a06","name":"sdk-py-tests-vol-2","serviceLevel":"Premium","creationToken":"sdk-py-tests-vol-2","usageThreshold":107374182400,"exportPolicy":{"rules":[{"ruleIndex":1,"unixReadOnly":false,"unixReadWrite":true,"cifs":false,"nfsv3":true,"nfsv41":false,"allowedClients":"0.0.0.0/0","kerberos5ReadOnly":false,"kerberos5ReadWrite":false,"kerberos5iReadOnly":false,"kerberos5iReadWrite":false,"kerberos5pReadOnly":false,"kerberos5pReadWrite":false,"hasRootAccess":true}]},"protocolTypes":["NFSv3"],"baremetalTenantId":"baremetalTenant_svm_1a1854d05b8211e99e4a3a8c013b5748_49caa904","subnetId":"/subscriptions/00000000-0000-0000-0000-000000000000/resourceGroups/sdk-net-test-qa7/providers/Microsoft.Network/virtualNetworks/sdknettestqa7vnet464/subnets/default","snapshotDirectoryVisible":true,"kerberosEnabled":false,"securityStyle":"Unix","smbEncryption":false,"smbContinuouslyAvailable":false,"encryptionKeySource":"Microsoft.NetApp","ldapEnabled":false}}]}'
    headers:
      access-control-expose-headers:
      - Request-Context
      cache-control:
      - no-cache
      content-length:
      - '3333'
      content-type:
      - application/json; charset=utf-8
      date:
      - Tue, 30 Mar 2021 10:08:45 GMT
      expires:
      - '-1'
      pragma:
      - no-cache
      request-context:
      - appId=cid-v1:2c4cb680-0a1f-424d-bb8d-8e650ba68d53
      server:
      - Microsoft-IIS/10.0
      strict-transport-security:
      - max-age=31536000; includeSubDomains
      transfer-encoding:
      - chunked
      vary:
      - Accept-Encoding
      x-content-type-options:
      - nosniff
      x-powered-by:
      - ASP.NET
    status:
      code: 200
      message: OK
- request:
    body: null
    headers:
      Accept:
      - '*/*'
      Accept-Encoding:
      - gzip, deflate
      Connection:
      - keep-alive
      Content-Length:
      - '0'
      User-Agent:
      - azsdk-python-mgmt-netapp/2.0.0 Python/3.8.7 (macOS-11.2.3-x86_64-i386-64bit)
    method: DELETE
    uri: https://management.azure.com/subscriptions/00000000-0000-0000-0000-000000000000/resourceGroups/sdk-net-test-qa7/providers/Microsoft.NetApp/netAppAccounts/sdk-py-tests-acc-10/capacityPools/sdk-py-tests-pool-1/volumes/sdk-py-tests-vol-1?api-version=2020-12-01
  response:
    body:
      string: ''
    headers:
      access-control-expose-headers:
      - Request-Context
      azure-asyncoperation:
      - https://management.azure.com/subscriptions/00000000-0000-0000-0000-000000000000/providers/Microsoft.NetApp/locations/eastus2/operationResults/b3604915-d575-495a-a0f9-a15a32953cf1?api-version=2020-12-01
      cache-control:
      - no-cache
      content-length:
      - '0'
      date:
      - Tue, 30 Mar 2021 10:08:45 GMT
      expires:
      - '-1'
      location:
      - https://management.azure.com/subscriptions/00000000-0000-0000-0000-000000000000/providers/Microsoft.NetApp/locations/eastus2/operationResults/b3604915-d575-495a-a0f9-a15a32953cf1?api-version=2020-12-01&operationResultResponseType=Location
      pragma:
      - no-cache
      request-context:
      - appId=cid-v1:2c4cb680-0a1f-424d-bb8d-8e650ba68d53
      server:
      - Microsoft-IIS/10.0
      strict-transport-security:
      - max-age=31536000; includeSubDomains
      x-content-type-options:
      - nosniff
      x-ms-ratelimit-remaining-subscription-deletes:
      - '14999'
      x-powered-by:
      - ASP.NET
    status:
      code: 202
      message: Accepted
- request:
    body: null
    headers:
      Accept:
      - '*/*'
      Accept-Encoding:
      - gzip, deflate
      Connection:
      - keep-alive
      User-Agent:
      - azsdk-python-mgmt-netapp/2.0.0 Python/3.8.7 (macOS-11.2.3-x86_64-i386-64bit)
    method: GET
    uri: https://management.azure.com/subscriptions/00000000-0000-0000-0000-000000000000/providers/Microsoft.NetApp/locations/eastus2/operationResults/b3604915-d575-495a-a0f9-a15a32953cf1?api-version=2020-12-01
  response:
    body:
      string: '{"id":"/subscriptions/00000000-0000-0000-0000-000000000000/providers/Microsoft.NetApp/locations/eastus2/operationResults/b3604915-d575-495a-a0f9-a15a32953cf1","name":"b3604915-d575-495a-a0f9-a15a32953cf1","status":"Succeeded","startTime":"2021-03-30T10:08:46.7305296Z","endTime":"2021-03-30T10:08:49.9887107Z","percentComplete":100.0,"properties":{"resourceName":"/subscriptions/00000000-0000-0000-0000-000000000000/resourceGroups/sdk-net-test-qa7/providers/Microsoft.NetApp/netAppAccounts/sdk-py-tests-acc-10/capacityPools/sdk-py-tests-pool-1/volumes/sdk-py-tests-vol-1"}}'
    headers:
      access-control-expose-headers:
      - Request-Context
      cache-control:
      - no-cache
      content-length:
      - '573'
      content-type:
      - application/json; charset=utf-8
      date:
      - Tue, 30 Mar 2021 10:09:17 GMT
      expires:
      - '-1'
      pragma:
      - no-cache
      request-context:
      - appId=cid-v1:2c4cb680-0a1f-424d-bb8d-8e650ba68d53
      server:
      - Microsoft-IIS/10.0
      strict-transport-security:
      - max-age=31536000; includeSubDomains
      transfer-encoding:
      - chunked
      vary:
      - Accept-Encoding
      x-content-type-options:
      - nosniff
      x-powered-by:
      - ASP.NET
    status:
      code: 200
      message: OK
- request:
    body: null
    headers:
      Accept:
      - application/json
      Accept-Encoding:
      - gzip, deflate
      Connection:
      - keep-alive
      User-Agent:
      - azsdk-python-mgmt-netapp/2.0.0 Python/3.8.7 (macOS-11.2.3-x86_64-i386-64bit)
    method: GET
    uri: https://management.azure.com/subscriptions/00000000-0000-0000-0000-000000000000/resourceGroups/sdk-net-test-qa7/providers/Microsoft.NetApp/netAppAccounts/sdk-py-tests-acc-10/capacityPools/sdk-py-tests-pool-1/volumes/sdk-py-tests-vol-1?api-version=2020-12-01
  response:
    body:
      string: '{"error":{"code":"ResourceNotFound","message":"The Resource ''Microsoft.NetApp/netAppAccounts/sdk-py-tests-acc-10/capacityPools/sdk-py-tests-pool-1/volumes/sdk-py-tests-vol-1''
        under resource group ''sdk-net-test-qa7'' was not found. For more details
        please go to https://aka.ms/ARMResourceNotFoundFix"}}'
    headers:
      cache-control:
      - no-cache
      content-length:
      - '300'
      content-type:
      - application/json; charset=utf-8
      date:
      - Tue, 30 Mar 2021 10:12:36 GMT
      expires:
      - '-1'
      pragma:
      - no-cache
      strict-transport-security:
      - max-age=31536000; includeSubDomains
      x-content-type-options:
      - nosniff
      x-ms-failure-cause:
      - gateway
    status:
      code: 404
      message: Not Found
- request:
    body: null
    headers:
      Accept:
      - '*/*'
      Accept-Encoding:
      - gzip, deflate
      Connection:
      - keep-alive
      Content-Length:
      - '0'
      User-Agent:
      - azsdk-python-mgmt-netapp/2.0.0 Python/3.8.7 (macOS-11.2.3-x86_64-i386-64bit)
    method: DELETE
    uri: https://management.azure.com/subscriptions/00000000-0000-0000-0000-000000000000/resourceGroups/sdk-net-test-qa7/providers/Microsoft.NetApp/netAppAccounts/sdk-py-tests-acc-10/capacityPools/sdk-py-tests-pool-1/volumes/sdk-py-tests-vol-2?api-version=2020-12-01
  response:
    body:
      string: ''
    headers:
      access-control-expose-headers:
      - Request-Context
      azure-asyncoperation:
      - https://management.azure.com/subscriptions/00000000-0000-0000-0000-000000000000/providers/Microsoft.NetApp/locations/eastus2/operationResults/0833ace1-f03f-4f2b-b167-93a7c9817801?api-version=2020-12-01
      cache-control:
      - no-cache
      content-length:
      - '0'
      date:
      - Tue, 30 Mar 2021 10:12:37 GMT
      expires:
      - '-1'
      location:
      - https://management.azure.com/subscriptions/00000000-0000-0000-0000-000000000000/providers/Microsoft.NetApp/locations/eastus2/operationResults/0833ace1-f03f-4f2b-b167-93a7c9817801?api-version=2020-12-01&operationResultResponseType=Location
      pragma:
      - no-cache
      request-context:
      - appId=cid-v1:2c4cb680-0a1f-424d-bb8d-8e650ba68d53
      server:
      - Microsoft-IIS/10.0
      strict-transport-security:
      - max-age=31536000; includeSubDomains
      x-content-type-options:
      - nosniff
      x-ms-ratelimit-remaining-subscription-deletes:
      - '14999'
      x-powered-by:
      - ASP.NET
    status:
      code: 202
      message: Accepted
- request:
    body: null
    headers:
      Accept:
      - '*/*'
      Accept-Encoding:
      - gzip, deflate
      Connection:
      - keep-alive
      User-Agent:
      - azsdk-python-mgmt-netapp/2.0.0 Python/3.8.7 (macOS-11.2.3-x86_64-i386-64bit)
    method: GET
    uri: https://management.azure.com/subscriptions/00000000-0000-0000-0000-000000000000/providers/Microsoft.NetApp/locations/eastus2/operationResults/0833ace1-f03f-4f2b-b167-93a7c9817801?api-version=2020-12-01
  response:
    body:
      string: '{"id":"/subscriptions/00000000-0000-0000-0000-000000000000/providers/Microsoft.NetApp/locations/eastus2/operationResults/0833ace1-f03f-4f2b-b167-93a7c9817801","name":"0833ace1-f03f-4f2b-b167-93a7c9817801","status":"Deleting","startTime":"2021-03-30T10:12:38.6019253Z","endTime":"0001-01-01T00:00:00Z","percentComplete":0.0,"properties":{"resourceName":"/subscriptions/00000000-0000-0000-0000-000000000000/resourceGroups/sdk-net-test-qa7/providers/Microsoft.NetApp/netAppAccounts/sdk-py-tests-acc-10/capacityPools/sdk-py-tests-pool-1/volumes/sdk-py-tests-vol-2"}}'
    headers:
      access-control-expose-headers:
      - Request-Context
      cache-control:
      - no-cache
      content-length:
      - '562'
      content-type:
      - application/json; charset=utf-8
      date:
      - Tue, 30 Mar 2021 10:13:08 GMT
      expires:
      - '-1'
      pragma:
      - no-cache
      request-context:
      - appId=cid-v1:2c4cb680-0a1f-424d-bb8d-8e650ba68d53
      server:
      - Microsoft-IIS/10.0
      strict-transport-security:
      - max-age=31536000; includeSubDomains
      transfer-encoding:
      - chunked
      vary:
      - Accept-Encoding
      x-content-type-options:
      - nosniff
      x-powered-by:
      - ASP.NET
    status:
      code: 200
      message: OK
- request:
    body: null
    headers:
      Accept:
      - '*/*'
      Accept-Encoding:
      - gzip, deflate
      Connection:
      - keep-alive
      User-Agent:
      - azsdk-python-mgmt-netapp/2.0.0 Python/3.8.7 (macOS-11.2.3-x86_64-i386-64bit)
    method: GET
    uri: https://management.azure.com/subscriptions/00000000-0000-0000-0000-000000000000/providers/Microsoft.NetApp/locations/eastus2/operationResults/0833ace1-f03f-4f2b-b167-93a7c9817801?api-version=2020-12-01
  response:
    body:
      string: '{"id":"/subscriptions/00000000-0000-0000-0000-000000000000/providers/Microsoft.NetApp/locations/eastus2/operationResults/0833ace1-f03f-4f2b-b167-93a7c9817801","name":"0833ace1-f03f-4f2b-b167-93a7c9817801","status":"Succeeded","startTime":"2021-03-30T10:12:38.6019253Z","endTime":"2021-03-30T10:13:35.3047754Z","percentComplete":100.0,"properties":{"resourceName":"/subscriptions/00000000-0000-0000-0000-000000000000/resourceGroups/sdk-net-test-qa7/providers/Microsoft.NetApp/netAppAccounts/sdk-py-tests-acc-10/capacityPools/sdk-py-tests-pool-1/volumes/sdk-py-tests-vol-2"}}'
    headers:
      access-control-expose-headers:
      - Request-Context
      cache-control:
      - no-cache
      content-length:
      - '573'
      content-type:
      - application/json; charset=utf-8
      date:
      - Tue, 30 Mar 2021 10:13:39 GMT
      expires:
      - '-1'
      pragma:
      - no-cache
      request-context:
      - appId=cid-v1:2c4cb680-0a1f-424d-bb8d-8e650ba68d53
      server:
      - Microsoft-IIS/10.0
      strict-transport-security:
      - max-age=31536000; includeSubDomains
      transfer-encoding:
      - chunked
      vary:
      - Accept-Encoding
      x-content-type-options:
      - nosniff
      x-powered-by:
      - ASP.NET
    status:
      code: 200
      message: OK
- request:
    body: null
    headers:
      Accept:
      - application/json
      Accept-Encoding:
      - gzip, deflate
      Connection:
      - keep-alive
      User-Agent:
      - azsdk-python-mgmt-netapp/2.0.0 Python/3.8.7 (macOS-11.2.3-x86_64-i386-64bit)
    method: GET
    uri: https://management.azure.com/subscriptions/00000000-0000-0000-0000-000000000000/resourceGroups/sdk-net-test-qa7/providers/Microsoft.NetApp/netAppAccounts/sdk-py-tests-acc-10/capacityPools/sdk-py-tests-pool-1/volumes/sdk-py-tests-vol-2?api-version=2020-12-01
  response:
    body:
      string: '{"error":{"code":"ResourceNotFound","message":"The Resource ''Microsoft.NetApp/netAppAccounts/sdk-py-tests-acc-10/capacityPools/sdk-py-tests-pool-1/volumes/sdk-py-tests-vol-2''
        under resource group ''sdk-net-test-qa7'' was not found. For more details
        please go to https://aka.ms/ARMResourceNotFoundFix"}}'
    headers:
      cache-control:
      - no-cache
      content-length:
      - '300'
      content-type:
      - application/json; charset=utf-8
      date:
      - Tue, 30 Mar 2021 10:16:58 GMT
      expires:
      - '-1'
      pragma:
      - no-cache
      strict-transport-security:
      - max-age=31536000; includeSubDomains
      x-content-type-options:
      - nosniff
      x-ms-failure-cause:
      - gateway
    status:
      code: 404
      message: Not Found
- request:
    body: null
    headers:
      Accept:
      - '*/*'
      Accept-Encoding:
      - gzip, deflate
      Connection:
      - keep-alive
      Content-Length:
      - '0'
      User-Agent:
      - azsdk-python-mgmt-netapp/2.0.0 Python/3.8.7 (macOS-11.2.3-x86_64-i386-64bit)
    method: DELETE
    uri: https://management.azure.com/subscriptions/00000000-0000-0000-0000-000000000000/resourceGroups/sdk-net-test-qa7/providers/Microsoft.NetApp/netAppAccounts/sdk-py-tests-acc-10/capacityPools/sdk-py-tests-pool-1?api-version=2020-12-01
  response:
    body:
      string: ''
    headers:
      access-control-expose-headers:
      - Request-Context
      azure-asyncoperation:
      - https://management.azure.com/subscriptions/00000000-0000-0000-0000-000000000000/providers/Microsoft.NetApp/locations/eastus2/operationResults/f54a3d93-5362-4e1a-8fa6-308dc984c10a?api-version=2020-12-01
      cache-control:
      - no-cache
      content-length:
      - '0'
      date:
      - Tue, 30 Mar 2021 10:17:09 GMT
      expires:
      - '-1'
      location:
      - https://management.azure.com/subscriptions/00000000-0000-0000-0000-000000000000/providers/Microsoft.NetApp/locations/eastus2/operationResults/f54a3d93-5362-4e1a-8fa6-308dc984c10a?api-version=2020-12-01&operationResultResponseType=Location
      pragma:
      - no-cache
      request-context:
      - appId=cid-v1:2c4cb680-0a1f-424d-bb8d-8e650ba68d53
      server:
      - Microsoft-IIS/10.0
      strict-transport-security:
      - max-age=31536000; includeSubDomains
      x-content-type-options:
      - nosniff
      x-ms-ratelimit-remaining-subscription-deletes:
      - '14999'
      x-powered-by:
      - ASP.NET
    status:
      code: 202
      message: Accepted
- request:
    body: null
    headers:
      Accept:
      - '*/*'
      Accept-Encoding:
      - gzip, deflate
      Connection:
      - keep-alive
      User-Agent:
      - azsdk-python-mgmt-netapp/2.0.0 Python/3.8.7 (macOS-11.2.3-x86_64-i386-64bit)
    method: GET
    uri: https://management.azure.com/subscriptions/00000000-0000-0000-0000-000000000000/providers/Microsoft.NetApp/locations/eastus2/operationResults/f54a3d93-5362-4e1a-8fa6-308dc984c10a?api-version=2020-12-01
  response:
    body:
      string: '{"id":"/subscriptions/00000000-0000-0000-0000-000000000000/providers/Microsoft.NetApp/locations/eastus2/operationResults/f54a3d93-5362-4e1a-8fa6-308dc984c10a","name":"f54a3d93-5362-4e1a-8fa6-308dc984c10a","status":"Succeeded","startTime":"2021-03-30T10:17:10.6617352Z","endTime":"2021-03-30T10:17:10.8592032Z","percentComplete":100.0,"properties":{"resourceName":"/subscriptions/00000000-0000-0000-0000-000000000000/resourceGroups/sdk-net-test-qa7/providers/Microsoft.NetApp/netAppAccounts/sdk-py-tests-acc-10/capacityPools/sdk-py-tests-pool-1"}}'
    headers:
      access-control-expose-headers:
      - Request-Context
      cache-control:
      - no-cache
      content-length:
      - '546'
      content-type:
      - application/json; charset=utf-8
      date:
      - Tue, 30 Mar 2021 10:17:41 GMT
      expires:
      - '-1'
      pragma:
      - no-cache
      request-context:
      - appId=cid-v1:2c4cb680-0a1f-424d-bb8d-8e650ba68d53
      server:
      - Microsoft-IIS/10.0
      strict-transport-security:
      - max-age=31536000; includeSubDomains
      transfer-encoding:
      - chunked
      vary:
      - Accept-Encoding
      x-content-type-options:
      - nosniff
      x-powered-by:
      - ASP.NET
    status:
      code: 200
      message: OK
- request:
    body: null
    headers:
      Accept:
      - '*/*'
      Accept-Encoding:
      - gzip, deflate
      Connection:
      - keep-alive
      Content-Length:
      - '0'
      User-Agent:
      - azsdk-python-mgmt-netapp/2.0.0 Python/3.8.7 (macOS-11.2.3-x86_64-i386-64bit)
    method: DELETE
    uri: https://management.azure.com/subscriptions/00000000-0000-0000-0000-000000000000/resourceGroups/sdk-net-test-qa7/providers/Microsoft.NetApp/netAppAccounts/sdk-py-tests-acc-10/capacityPools/sdk-py-tests-pool-1?api-version=2020-12-01
  response:
    body:
      string: ''
    headers:
      cache-control:
      - no-cache
      date:
      - Tue, 30 Mar 2021 10:17:51 GMT
      expires:
      - '-1'
      pragma:
      - no-cache
      strict-transport-security:
      - max-age=31536000; includeSubDomains
      x-content-type-options:
      - nosniff
      x-ms-ratelimit-remaining-subscription-deletes:
      - '14998'
    status:
      code: 204
      message: No Content
- request:
    body: null
    headers:
      Accept:
      - '*/*'
      Accept-Encoding:
      - gzip, deflate
      Connection:
      - keep-alive
      Content-Length:
      - '0'
      User-Agent:
      - azsdk-python-mgmt-netapp/2.0.0 Python/3.8.7 (macOS-11.2.3-x86_64-i386-64bit)
    method: DELETE
    uri: https://management.azure.com/subscriptions/00000000-0000-0000-0000-000000000000/resourceGroups/sdk-net-test-qa7/providers/Microsoft.NetApp/netAppAccounts/sdk-py-tests-acc-10/capacityPools/sdk-py-tests-pool-1?api-version=2020-12-01
  response:
    body:
      string: ''
    headers:
      cache-control:
      - no-cache
      date:
      - Tue, 30 Mar 2021 10:18:01 GMT
      expires:
      - '-1'
      pragma:
      - no-cache
      strict-transport-security:
      - max-age=31536000; includeSubDomains
      x-content-type-options:
      - nosniff
      x-ms-ratelimit-remaining-subscription-deletes:
      - '14997'
    status:
      code: 204
      message: No Content
- request:
    body: null
    headers:
      Accept:
      - '*/*'
      Accept-Encoding:
      - gzip, deflate
      Connection:
      - keep-alive
      Content-Length:
      - '0'
      User-Agent:
      - azsdk-python-mgmt-netapp/2.0.0 Python/3.8.7 (macOS-11.2.3-x86_64-i386-64bit)
    method: DELETE
    uri: https://management.azure.com/subscriptions/00000000-0000-0000-0000-000000000000/resourceGroups/sdk-net-test-qa7/providers/Microsoft.NetApp/netAppAccounts/sdk-py-tests-acc-10/capacityPools/sdk-py-tests-pool-1?api-version=2020-12-01
  response:
    body:
      string: ''
    headers:
      cache-control:
      - no-cache
      date:
      - Tue, 30 Mar 2021 10:18:11 GMT
      expires:
      - '-1'
      pragma:
      - no-cache
      strict-transport-security:
      - max-age=31536000; includeSubDomains
      x-content-type-options:
      - nosniff
      x-ms-ratelimit-remaining-subscription-deletes:
      - '14996'
    status:
      code: 204
      message: No Content
- request:
    body: null
    headers:
      Accept:
      - '*/*'
      Accept-Encoding:
      - gzip, deflate
      Connection:
      - keep-alive
      Content-Length:
      - '0'
      User-Agent:
      - azsdk-python-mgmt-netapp/2.0.0 Python/3.8.7 (macOS-11.2.3-x86_64-i386-64bit)
    method: DELETE
    uri: https://management.azure.com/subscriptions/00000000-0000-0000-0000-000000000000/resourceGroups/sdk-net-test-qa7/providers/Microsoft.NetApp/netAppAccounts/sdk-py-tests-acc-10/capacityPools/sdk-py-tests-pool-1?api-version=2020-12-01
  response:
    body:
      string: ''
    headers:
      cache-control:
      - no-cache
      date:
      - Tue, 30 Mar 2021 10:18:21 GMT
      expires:
      - '-1'
      pragma:
      - no-cache
      strict-transport-security:
      - max-age=31536000; includeSubDomains
      x-content-type-options:
      - nosniff
      x-ms-ratelimit-remaining-subscription-deletes:
      - '14995'
    status:
      code: 204
      message: No Content
- request:
    body: null
    headers:
      Accept:
      - application/json
      Accept-Encoding:
      - gzip, deflate
      Connection:
      - keep-alive
      User-Agent:
      - azsdk-python-mgmt-netapp/2.0.0 Python/3.8.7 (macOS-11.2.3-x86_64-i386-64bit)
    method: GET
    uri: https://management.azure.com/subscriptions/00000000-0000-0000-0000-000000000000/resourceGroups/sdk-net-test-qa7/providers/Microsoft.NetApp/netAppAccounts/sdk-py-tests-acc-10/capacityPools/sdk-py-tests-pool-1?api-version=2020-12-01
  response:
    body:
      string: '{"error":{"code":"ResourceNotFound","message":"The Resource ''Microsoft.NetApp/netAppAccounts/sdk-py-tests-acc-10/capacityPools/sdk-py-tests-pool-1''
        under resource group ''sdk-net-test-qa7'' was not found. For more details
        please go to https://aka.ms/ARMResourceNotFoundFix"}}'
    headers:
      cache-control:
      - no-cache
      content-length:
      - '273'
      content-type:
      - application/json; charset=utf-8
      date:
      - Tue, 30 Mar 2021 10:18:31 GMT
      expires:
      - '-1'
      pragma:
      - no-cache
      strict-transport-security:
      - max-age=31536000; includeSubDomains
      x-content-type-options:
      - nosniff
      x-ms-failure-cause:
      - gateway
    status:
      code: 404
      message: Not Found
- request:
    body: null
    headers:
      Accept:
      - '*/*'
      Accept-Encoding:
      - gzip, deflate
      Connection:
      - keep-alive
      Content-Length:
      - '0'
      User-Agent:
      - azsdk-python-mgmt-netapp/2.0.0 Python/3.8.7 (macOS-11.2.3-x86_64-i386-64bit)
    method: DELETE
    uri: https://management.azure.com/subscriptions/00000000-0000-0000-0000-000000000000/resourceGroups/sdk-net-test-qa7/providers/Microsoft.NetApp/netAppAccounts/sdk-py-tests-acc-10?api-version=2020-12-01
  response:
    body:
      string: ''
    headers:
      access-control-expose-headers:
      - Request-Context
      azure-asyncoperation:
      - https://management.azure.com/subscriptions/00000000-0000-0000-0000-000000000000/providers/Microsoft.NetApp/locations/eastus2/operationResults/0a437c3e-92bb-4ba7-9faa-fbfc2b97cbb2?api-version=2020-12-01
      cache-control:
      - no-cache
      content-length:
      - '0'
      date:
      - Tue, 30 Mar 2021 10:18:32 GMT
      expires:
      - '-1'
      location:
      - https://management.azure.com/subscriptions/00000000-0000-0000-0000-000000000000/providers/Microsoft.NetApp/locations/eastus2/operationResults/0a437c3e-92bb-4ba7-9faa-fbfc2b97cbb2?api-version=2020-12-01&operationResultResponseType=Location
      pragma:
      - no-cache
      request-context:
      - appId=cid-v1:2c4cb680-0a1f-424d-bb8d-8e650ba68d53
      server:
      - Microsoft-IIS/10.0
      strict-transport-security:
      - max-age=31536000; includeSubDomains
      x-content-type-options:
      - nosniff
      x-ms-ratelimit-remaining-subscription-deletes:
      - '14994'
      x-powered-by:
      - ASP.NET
    status:
      code: 202
      message: Accepted
- request:
    body: null
    headers:
      Accept:
      - '*/*'
      Accept-Encoding:
      - gzip, deflate
      Connection:
      - keep-alive
      User-Agent:
      - azsdk-python-mgmt-netapp/2.0.0 Python/3.8.7 (macOS-11.2.3-x86_64-i386-64bit)
    method: GET
    uri: https://management.azure.com/subscriptions/00000000-0000-0000-0000-000000000000/providers/Microsoft.NetApp/locations/eastus2/operationResults/0a437c3e-92bb-4ba7-9faa-fbfc2b97cbb2?api-version=2020-12-01
  response:
    body:
      string: '{"id":"/subscriptions/00000000-0000-0000-0000-000000000000/providers/Microsoft.NetApp/locations/eastus2/operationResults/0a437c3e-92bb-4ba7-9faa-fbfc2b97cbb2","name":"0a437c3e-92bb-4ba7-9faa-fbfc2b97cbb2","status":"Succeeded","startTime":"2021-03-30T10:18:33.0016123Z","endTime":"2021-03-30T10:18:33.1065262Z","percentComplete":100.0,"properties":{"resourceName":"/subscriptions/00000000-0000-0000-0000-000000000000/resourceGroups/sdk-net-test-qa7/providers/Microsoft.NetApp/netAppAccounts/sdk-py-tests-acc-10"}}'
    headers:
      access-control-expose-headers:
      - Request-Context
      cache-control:
      - no-cache
      content-length:
      - '512'
      content-type:
      - application/json; charset=utf-8
      date:
      - Tue, 30 Mar 2021 10:19:02 GMT
      expires:
      - '-1'
      pragma:
      - no-cache
      request-context:
      - appId=cid-v1:2c4cb680-0a1f-424d-bb8d-8e650ba68d53
      server:
      - Microsoft-IIS/10.0
      strict-transport-security:
      - max-age=31536000; includeSubDomains
      transfer-encoding:
      - chunked
      vary:
      - Accept-Encoding
      x-content-type-options:
      - nosniff
      x-powered-by:
      - ASP.NET
    status:
      code: 200
      message: OK
- request:
    body: null
    headers:
      Accept:
      - application/json
      Accept-Encoding:
      - gzip, deflate
      Connection:
      - keep-alive
      User-Agent:
      - azsdk-python-mgmt-netapp/2.0.0 Python/3.8.7 (macOS-11.2.3-x86_64-i386-64bit)
    method: GET
    uri: https://management.azure.com/subscriptions/00000000-0000-0000-0000-000000000000/resourceGroups/sdk-net-test-qa7/providers/Microsoft.NetApp/netAppAccounts/sdk-py-tests-acc-10?api-version=2020-12-01
  response:
    body:
      string: '{"error":{"code":"ResourceNotFound","message":"The Resource ''Microsoft.NetApp/netAppAccounts/sdk-py-tests-acc-10''
        under resource group ''sdk-net-test-qa7'' was not found. For more details
        please go to https://aka.ms/ARMResourceNotFoundFix"}}'
    headers:
      cache-control:
      - no-cache
      content-length:
      - '239'
      content-type:
      - application/json; charset=utf-8
      date:
      - Tue, 30 Mar 2021 10:19:05 GMT
      expires:
      - '-1'
      pragma:
      - no-cache
      strict-transport-security:
      - max-age=31536000; includeSubDomains
      x-content-type-options:
      - nosniff
      x-ms-failure-cause:
      - gateway
    status:
      code: 404
      message: Not Found
version: 1
